// Jest Snapshot v1, https://goo.gl/fbAQLP

exports[`TableSkeleton UI renders table skeleton 1`] = `
<div>
  <div
    class="flex flex-col relative overflow-hidden h-auto text-foreground box-border bg-content1 outline-none data-[focus-visible=true]:z-10 data-[focus-visible=true]:outline-2 data-[focus-visible=true]:outline-focus data-[focus-visible=true]:outline-offset-2 shadow-medium rounded-large transition-transform-background motion-reduce:transition-none w-full space-y-5 p-4 mt-5"
    tabindex="-1"
  >
    <div
      class="group relative overflow-hidden bg-content3 dark:bg-content2 pointer-events-none before:opacity-100 before:absolute before:inset-0 before:-translate-x-full before:animate-[shimmer_2s_infinite] before:border-t before:border-content4/30 before:bg-gradient-to-r before:from-transparent before:via-content4 dark:before:via-default-700/10 before:to-transparent after:opacity-100 after:absolute after:inset-0 after:-z-10 after:bg-content3 dark:after:bg-content2 data-[loaded=true]:pointer-events-auto data-[loaded=true]:overflow-visible data-[loaded=true]:!bg-transparent data-[loaded=true]:before:opacity-0 data-[loaded=true]:before:-z-10 data-[loaded=true]:before:animate-none data-[loaded=true]:after:opacity-0 transition-background !duration-300 rounded-lg"
    >
      <div
        class="opacity-0 group-data-[loaded=true]:opacity-100 transition-opacity motion-reduce:transition-none !duration-300"
      >
        <div
          class="h-10 rounded-lg bg-default-300"
        />
      </div>
    </div>
    <div
      class="space-y-3"
    >
      <div
        class="group relative overflow-hidden bg-content3 dark:bg-content2 pointer-events-none before:opacity-100 before:absolute before:inset-0 before:-translate-x-full before:animate-[shimmer_2s_infinite] before:border-t before:border-content4/30 before:bg-gradient-to-r before:from-transparent before:via-content4 dark:before:via-default-700/10 before:to-transparent after:opacity-100 after:absolute after:inset-0 after:-z-10 after:bg-content3 dark:after:bg-content2 data-[loaded=true]:pointer-events-auto data-[loaded=true]:overflow-visible data-[loaded=true]:!bg-transparent data-[loaded=true]:before:opacity-0 data-[loaded=true]:before:-z-10 data-[loaded=true]:before:animate-none data-[loaded=true]:after:opacity-0 transition-background !duration-300 w-full rounded-lg"
      >
        <div
          class="opacity-0 group-data-[loaded=true]:opacity-100 transition-opacity motion-reduce:transition-none !duration-300"
        >
          <div
            class="h-16 rounded-lg bg-default-200"
          />
        </div>
      </div>
      <div
        class="group relative overflow-hidden bg-content3 dark:bg-content2 pointer-events-none before:opacity-100 before:absolute before:inset-0 before:-translate-x-full before:animate-[shimmer_2s_infinite] before:border-t before:border-content4/30 before:bg-gradient-to-r before:from-transparent before:via-content4 dark:before:via-default-700/10 before:to-transparent after:opacity-100 after:absolute after:inset-0 after:-z-10 after:bg-content3 dark:after:bg-content2 data-[loaded=true]:pointer-events-auto data-[loaded=true]:overflow-visible data-[loaded=true]:!bg-transparent data-[loaded=true]:before:opacity-0 data-[loaded=true]:before:-z-10 data-[loaded=true]:before:animate-none data-[loaded=true]:after:opacity-0 transition-background !duration-300 w-full rounded-lg"
      >
        <div
          class="opacity-0 group-data-[loaded=true]:opacity-100 transition-opacity motion-reduce:transition-none !duration-300"
        >
          <div
            class="h-16 rounded-lg bg-default-200"
          />
        </div>
      </div>
      <div
        class="group relative overflow-hidden bg-content3 dark:bg-content2 pointer-events-none before:opacity-100 before:absolute before:inset-0 before:-translate-x-full before:animate-[shimmer_2s_infinite] before:border-t before:border-content4/30 before:bg-gradient-to-r before:from-transparent before:via-content4 dark:before:via-default-700/10 before:to-transparent after:opacity-100 after:absolute after:inset-0 after:-z-10 after:bg-content3 dark:after:bg-content2 data-[loaded=true]:pointer-events-auto data-[loaded=true]:overflow-visible data-[loaded=true]:!bg-transparent data-[loaded=true]:before:opacity-0 data-[loaded=true]:before:-z-10 data-[loaded=true]:before:animate-none data-[loaded=true]:after:opacity-0 transition-background !duration-300 w-full rounded-lg"
      >
        <div
          class="opacity-0 group-data-[loaded=true]:opacity-100 transition-opacity motion-reduce:transition-none !duration-300"
        >
          <div
            class="h-16 rounded-lg bg-default-200"
          />
        </div>
      </div>
      <div
        class="group relative overflow-hidden bg-content3 dark:bg-content2 pointer-events-none before:opacity-100 before:absolute before:inset-0 before:-translate-x-full before:animate-[shimmer_2s_infinite] before:border-t before:border-content4/30 before:bg-gradient-to-r before:from-transparent before:via-content4 dark:before:via-default-700/10 before:to-transparent after:opacity-100 after:absolute after:inset-0 after:-z-10 after:bg-content3 dark:after:bg-content2 data-[loaded=true]:pointer-events-auto data-[loaded=true]:overflow-visible data-[loaded=true]:!bg-transparent data-[loaded=true]:before:opacity-0 data-[loaded=true]:before:-z-10 data-[loaded=true]:before:animate-none data-[loaded=true]:after:opacity-0 transition-background !duration-300 w-full rounded-lg"
      >
        <div
          class="opacity-0 group-data-[loaded=true]:opacity-100 transition-opacity motion-reduce:transition-none !duration-300"
        >
          <div
            class="h-16 rounded-lg bg-default-200"
          />
        </div>
      </div>
      <div
        class="group relative overflow-hidden bg-content3 dark:bg-content2 pointer-events-none before:opacity-100 before:absolute before:inset-0 before:-translate-x-full before:animate-[shimmer_2s_infinite] before:border-t before:border-content4/30 before:bg-gradient-to-r before:from-transparent before:via-content4 dark:before:via-default-700/10 before:to-transparent after:opacity-100 after:absolute after:inset-0 after:-z-10 after:bg-content3 dark:after:bg-content2 data-[loaded=true]:pointer-events-auto data-[loaded=true]:overflow-visible data-[loaded=true]:!bg-transparent data-[loaded=true]:before:opacity-0 data-[loaded=true]:before:-z-10 data-[loaded=true]:before:animate-none data-[loaded=true]:after:opacity-0 transition-background !duration-300 w-full rounded-lg"
      >
        <div
          class="opacity-0 group-data-[loaded=true]:opacity-100 transition-opacity motion-reduce:transition-none !duration-300"
        >
          <div
            class="h-16 rounded-lg bg-default-200"
          />
        </div>
      </div>
      <div
        class="group relative overflow-hidden bg-content3 dark:bg-content2 pointer-events-none before:opacity-100 before:absolute before:inset-0 before:-translate-x-full before:animate-[shimmer_2s_infinite] before:border-t before:border-content4/30 before:bg-gradient-to-r before:from-transparent before:via-content4 dark:before:via-default-700/10 before:to-transparent after:opacity-100 after:absolute after:inset-0 after:-z-10 after:bg-content3 dark:after:bg-content2 data-[loaded=true]:pointer-events-auto data-[loaded=true]:overflow-visible data-[loaded=true]:!bg-transparent data-[loaded=true]:before:opacity-0 data-[loaded=true]:before:-z-10 data-[loaded=true]:before:animate-none data-[loaded=true]:after:opacity-0 transition-background !duration-300 w-full rounded-lg"
      >
        <div
          class="opacity-0 group-data-[loaded=true]:opacity-100 transition-opacity motion-reduce:transition-none !duration-300"
        >
          <div
            class="h-16 rounded-lg bg-default-200"
          />
        </div>
      </div>
      <div
        class="group relative overflow-hidden bg-content3 dark:bg-content2 pointer-events-none before:opacity-100 before:absolute before:inset-0 before:-translate-x-full before:animate-[shimmer_2s_infinite] before:border-t before:border-content4/30 before:bg-gradient-to-r before:from-transparent before:via-content4 dark:before:via-default-700/10 before:to-transparent after:opacity-100 after:absolute after:inset-0 after:-z-10 after:bg-content3 dark:after:bg-content2 data-[loaded=true]:pointer-events-auto data-[loaded=true]:overflow-visible data-[loaded=true]:!bg-transparent data-[loaded=true]:before:opacity-0 data-[loaded=true]:before:-z-10 data-[loaded=true]:before:animate-none data-[loaded=true]:after:opacity-0 transition-background !duration-300 w-full rounded-lg"
      >
        <div
          class="opacity-0 group-data-[loaded=true]:opacity-100 transition-opacity motion-reduce:transition-none !duration-300"
        >
          <div
            class="h-16 rounded-lg bg-default-200"
          />
        </div>
      </div>
      <div
        class="group relative overflow-hidden bg-content3 dark:bg-content2 pointer-events-none before:opacity-100 before:absolute before:inset-0 before:-translate-x-full before:animate-[shimmer_2s_infinite] before:border-t before:border-content4/30 before:bg-gradient-to-r before:from-transparent before:via-content4 dark:before:via-default-700/10 before:to-transparent after:opacity-100 after:absolute after:inset-0 after:-z-10 after:bg-content3 dark:after:bg-content2 data-[loaded=true]:pointer-events-auto data-[loaded=true]:overflow-visible data-[loaded=true]:!bg-transparent data-[loaded=true]:before:opacity-0 data-[loaded=true]:before:-z-10 data-[loaded=true]:before:animate-none data-[loaded=true]:after:opacity-0 transition-background !duration-300 w-full rounded-lg"
      >
        <div
          class="opacity-0 group-data-[loaded=true]:opacity-100 transition-opacity motion-reduce:transition-none !duration-300"
        >
          <div
            class="h-16 rounded-lg bg-default-200"
          />
        </div>
      </div>
      <div
        class="group relative overflow-hidden bg-content3 dark:bg-content2 pointer-events-none before:opacity-100 before:absolute before:inset-0 before:-translate-x-full before:animate-[shimmer_2s_infinite] before:border-t before:border-content4/30 before:bg-gradient-to-r before:from-transparent before:via-content4 dark:before:via-default-700/10 before:to-transparent after:opacity-100 after:absolute after:inset-0 after:-z-10 after:bg-content3 dark:after:bg-content2 data-[loaded=true]:pointer-events-auto data-[loaded=true]:overflow-visible data-[loaded=true]:!bg-transparent data-[loaded=true]:before:opacity-0 data-[loaded=true]:before:-z-10 data-[loaded=true]:before:animate-none data-[loaded=true]:after:opacity-0 transition-background !duration-300 w-full rounded-lg"
      >
        <div
          class="opacity-0 group-data-[loaded=true]:opacity-100 transition-opacity motion-reduce:transition-none !duration-300"
        >
          <div
            class="h-16 rounded-lg bg-default-200"
          />
        </div>
      </div>
      <div
        class="group relative overflow-hidden bg-content3 dark:bg-content2 pointer-events-none before:opacity-100 before:absolute before:inset-0 before:-translate-x-full before:animate-[shimmer_2s_infinite] before:border-t before:border-content4/30 before:bg-gradient-to-r before:from-transparent before:via-content4 dark:before:via-default-700/10 before:to-transparent after:opacity-100 after:absolute after:inset-0 after:-z-10 after:bg-content3 dark:after:bg-content2 data-[loaded=true]:pointer-events-auto data-[loaded=true]:overflow-visible data-[loaded=true]:!bg-transparent data-[loaded=true]:before:opacity-0 data-[loaded=true]:before:-z-10 data-[loaded=true]:before:animate-none data-[loaded=true]:after:opacity-0 transition-background !duration-300 w-full rounded-lg"
      >
        <div
          class="opacity-0 group-data-[loaded=true]:opacity-100 transition-opacity motion-reduce:transition-none !duration-300"
        >
          <div
            class="h-16 rounded-lg bg-default-200"
          />
        </div>
      </div>
    </div>
  </div>
</div>
`;
