// Jest Snapshot v1, https://goo.gl/fbAQLP

exports[`Not Found Page renders not found page 1`] = `
<div>
  <section
    class="flex h-screen flex-col items-center justify-center gap-2"
  >
    <svg
      class="fill-black-900 dark:fill-white  undefined"
      height="60px"
      viewBox="0 0 24 24"
      width="60px"
      xmlns="http://www.w3.org/2000/svg"
    >
      <g
        id="SVGRepo_bgCarrier"
        stroke-width="0"
      />
      <g
        id="SVGRepo_tracerCarrier"
        stroke-linecap="round"
        stroke-linejoin="round"
      />
      <g
        id="SVGRepo_iconCarrier"
      >
        <g
          data-name="Face Frown"
          id="Face_Frown"
        >
          <g>
            <path
              d="M12,21.942A9.942,9.942,0,1,1,21.942,12,9.953,9.953,0,0,1,12,21.942ZM12,3.058A8.942,8.942,0,1,0,20.942,12,8.952,8.952,0,0,0,12,3.058Z"
            />
            <path
              d="M17.206,16.481a6.033,6.033,0,0,0-10.412,0,.5.5,0,0,0,.863.5,5.033,5.033,0,0,1,8.685,0,.5.5,0,0,0,.864-.5Z"
            />
            <circle
              cx="9"
              cy="9.011"
              r="1.25"
            />
            <circle
              cx="15"
              cy="9.011"
              r="1.25"
            />
          </g>
        </g>
      </g>
    </svg>
    <h2
      class="text-4xl"
    >
      404 Not Found
    </h2>
    <p
      class="text-2xl"
    >
      Could not find the requested invoice.
    </p>
    <a
      class="mt-4 rounded-md bg-blue-500 px-4 py-2 text-white transition-colors hover:bg-blue-400 text-2xl"
      href="/"
    >
      Go Back
    </a>
  </section>
</div>
`;
