// Jest Snapshot v1, https://goo.gl/fbAQLP

exports[`Header Component render Sidebar 1`] = `
<div>
  <header
    class="flex justify-between pt-3xl pb-6 pl-5 pr-5xl bg-white dark:bg-dark-900"
  >
    <a
      aria-label="WunderUI logo"
      href="/"
    >
      <svg
        fill="none"
        height="42px"
        viewBox="0 0 267 43"
        width="266px"
        xmlns="http://www.w3.org/2000/svg"
      >
        <path
          clip-rule="evenodd"
          d="M21.7119 21.1068V0.527832H0.75989C0.746889 0.765833 0.72789 0.941832 0.72789 1.11683C0.72789 7.96983 0.69689 14.8228 0.740891 21.6748C0.757402 25.7757 2.01839 29.7747 4.35706 33.1431C5.10489 34.2428 6.00989 35.2308 6.90889 36.3518L21.7539 21.5118"
          fill="#1BBAFD"
          fill-rule="evenodd"
        />
        <path
          clip-rule="evenodd"
          d="M21.6759 21.5128V42.3128C24.0762 42.38 26.4668 41.9821 28.7159 41.1408C36.9855 38.2052 42.5358 30.4107 42.6049 21.6358C42.6739 14.8088 42.6259 7.98179 42.6279 1.15479C42.6279 0.987793 42.6069 0.819794 42.5859 0.487793L21.6709 21.3618"
          fill="#FACA4A"
          fill-rule="evenodd"
        />
        <path
          clip-rule="evenodd"
          d="M42.5519 21.5128V42.3128C44.9522 42.38 47.3428 41.9821 49.5919 41.1408C57.8611 38.2049 63.4109 30.4104 63.4799 21.6358C63.5489 14.8088 63.5009 7.98179 63.5029 1.15479C63.5029 0.987793 63.4819 0.819794 63.4609 0.487793L42.5459 21.3618"
          fill="#F47690"
          fill-rule="evenodd"
        />
        <path
          class="fill-dark-800 dark:fill-white"
          d="M92.9327 30.3076H98.3344L104.244 13.1962L110.117 30.3076H115.482L123.023 5.40181H117.222L112.618 22.1144L107.108 5.40181H101.307L95.7967 22.1144L91.1925 5.40181H85.3921L92.9327 30.3076ZM138.507 11.5648V22.767L138.471 22.6582C138.471 24.6884 136.767 26.2835 134.556 26.2835C132.453 26.2835 131.003 24.6884 131.003 22.3682V11.5648H125.891V23.4921C125.891 27.7337 128.791 30.7427 132.852 30.7427C135.281 30.7427 137.383 29.6551 138.507 27.9512V30.3076H143.8V11.5648H138.507ZM159.181 11.1298C156.752 11.1298 154.649 12.2174 153.525 13.9213V11.5648H148.232V30.3076H153.525V19.1054L153.562 19.2142C153.562 17.184 155.265 15.5889 157.477 15.5889C159.58 15.5889 161.03 17.184 161.03 19.5042V30.3076H166.141V18.3804C166.141 14.1388 163.241 11.1298 159.181 11.1298ZM184.603 4.96677V14.2475C183.117 12.2899 180.942 11.1298 178.295 11.1298C173.293 11.1298 169.667 15.1901 169.667 20.9181C169.667 26.6823 173.293 30.7427 178.295 30.7427C180.942 30.7427 183.117 29.5826 184.603 27.6249V30.3076H189.896V4.96677H184.603ZM179.818 26.2835C176.882 26.2835 174.815 24.0721 174.815 20.9181C174.815 17.8003 176.882 15.5889 179.818 15.5889C182.61 15.5889 184.603 17.8003 184.603 20.9181C184.603 24.0721 182.61 26.2835 179.818 26.2835ZM203.388 26.066C201.177 26.066 199.545 24.6884 198.929 22.6582H212.451C212.451 15.5889 209.007 11.1298 203.134 11.1298C197.66 11.1298 193.491 15.2264 193.491 20.8818C193.491 26.6461 197.841 30.7427 203.424 30.7427C206.18 30.7427 209.406 29.5826 211.074 27.8424L207.702 24.3984C206.687 25.3772 204.875 26.066 203.388 26.066ZM203.352 15.8064C205.491 15.8064 206.868 17.0028 207.376 18.8517H199.002C199.69 16.9665 201.358 15.8064 203.352 15.8064ZM221.325 15.0451V11.5648H216.032V30.3076H221.325V21.3531C221.325 17.8366 223.827 15.5889 227.742 15.5889V11.1298C224.878 11.1298 222.558 12.6162 221.325 15.0451ZM242.179 30.7427C248.777 30.7427 253.454 26.1023 253.454 19.5405V5.40181H248.088V19.323C248.088 23.1658 245.623 25.8848 242.179 25.8848C238.699 25.8848 236.233 23.1658 236.233 19.323V5.40181H230.904V19.5405C230.904 26.1023 235.545 30.7427 242.179 30.7427ZM258.38 30.3076H263.745V5.40181H258.38V30.3076Z"
        />
      </svg>
    </a>
    <div
      class="flex gap-[135px] max-[1280px]:gap-5"
    >
      <ul
        class="flex gap-24 items-center max-[1500px]:gap-10 max-[1200px]:hidden"
      >
        <li>
          <a
            class="text-xl font-semibold text-ratio-200 dark:text-grayBlue-400 cursor-not-allowed"
            href=""
          >
            <span>
              Overview
            </span>
          </a>
        </li>
        <li>
          <a
            class="text-xl font-semibold text-ratio-200 dark:text-grayBlue-400 cursor-not-allowed"
            href=""
          >
            <span>
              Projects
            </span>
          </a>
        </li>
        <li>
          <a
            class="text-xl font-semibold text-ratio-200 dark:text-grayBlue-400 cursor-not-allowed"
            href=""
          >
            <span>
              Tasks
            </span>
          </a>
        </li>
        <li>
          <a
            class="text-xl font-semibold text-ratio-200 dark:text-grayBlue-400 cursor-not-allowed"
            href=""
          >
            <span>
              Reports
            </span>
          </a>
        </li>
        <li>
          <a
            class="text-xl font-semibold text-ratio-200 dark:text-grayBlue-400 cursor-not-allowed"
            href=""
          >
            <span>
              Statements
            </span>
          </a>
        </li>
      </ul>
      <div
        class="flex gap-[22px] max-[555px]:hidden"
      >
        <a
          href="login"
        >
          <button
            class="z-0 group relative inline-flex items-center justify-center box-border appearance-none select-none whitespace-nowrap subpixel-antialiased overflow-hidden tap-highlight-transparent data-[pressed=true]:scale-[0.97] outline-none data-[focus-visible=true]:z-10 data-[focus-visible=true]:outline-2 data-[focus-visible=true]:outline-focus data-[focus-visible=true]:outline-offset-2 min-w-20 h-10 text-small gap-2 [&>svg]:max-w-[theme(spacing.8)] transition-transform-colors-opacity motion-reduce:transition-none data-[hover=true]:opacity-hover bg-white border-translucent-700 dark:border-gray-700 dark:bg-dark-900 dark:text-white py-3.5 px-5 text-xsm font-semibold border rounded-lg"
            type="button"
          >
            Log In
          </button>
        </a>
        <a
          href="signUp"
        >
          <button
            class="z-0 group relative inline-flex items-center justify-center box-border appearance-none select-none whitespace-nowrap subpixel-antialiased overflow-hidden tap-highlight-transparent data-[pressed=true]:scale-[0.97] outline-none data-[focus-visible=true]:z-10 data-[focus-visible=true]:outline-2 data-[focus-visible=true]:outline-focus data-[focus-visible=true]:outline-offset-2 min-w-20 h-10 text-small gap-2 [&>svg]:max-w-[theme(spacing.8)] transition-transform-colors-opacity motion-reduce:transition-none data-[hover=true]:opacity-hover bg-black-900 dark:bg-white dark:text-black-900 py-3.5 px-5 font-semibold border rounded-lg text-white"
            type="button"
          >
            Sign Up
          </button>
        </a>
      </div>
    </div>
  </header>
</div>
`;
