// Jest Snapshot v1, https://goo.gl/fbAQLP

exports[`Profile Page renders profile page 1`] = `
<div>
  <section
    class="flex h-screen flex-col items-center justify-center gap-2"
  >
    <h2
      class="text-4xl"
    >
      Profile Page
    </h2>
    <p
      class="text-2xl"
    >
      Coming soon!
    </p>
  </section>
</div>
`;
