// Jest Snapshot v1, https://goo.gl/fbAQLP

exports[`Sidebar Component render Sidebar 1`] = `
<div>
  <aside
    class="flex flex-col justify-between w-[351px] bg-white border-r-2 border-gray-50 text-lg dark:bg-dark-900 dark:border-gray-700 transition-transform duration-300 -translate-x-full fixed top-0 left-0 z-40"
  >
    <div
      class="flex flex-col gap-80"
    >
      <div
        class="pl-xl py-3xl border-b-2 border-gray-50 dark:border-gray-700"
      >
        <a
          aria-label="WunderUI logo"
          href="/"
        >
          <svg
            fill="none"
            height="42px"
            viewBox="0 0 267 43"
            width="267px"
            xmlns="http://www.w3.org/2000/svg"
          >
            <path
              clip-rule="evenodd"
              d="M21.7119 21.1068V0.527832H0.75989C0.746889 0.765833 0.72789 0.941832 0.72789 1.11683C0.72789 7.96983 0.69689 14.8228 0.740891 21.6748C0.757402 25.7757 2.01839 29.7747 4.35706 33.1431C5.10489 34.2428 6.00989 35.2308 6.90889 36.3518L21.7539 21.5118"
              fill="#1BBAFD"
              fill-rule="evenodd"
            />
            <path
              clip-rule="evenodd"
              d="M21.6759 21.5128V42.3128C24.0762 42.38 26.4668 41.9821 28.7159 41.1408C36.9855 38.2052 42.5358 30.4107 42.6049 21.6358C42.6739 14.8088 42.6259 7.98179 42.6279 1.15479C42.6279 0.987793 42.6069 0.819794 42.5859 0.487793L21.6709 21.3618"
              fill="#FACA4A"
              fill-rule="evenodd"
            />
            <path
              clip-rule="evenodd"
              d="M42.5519 21.5128V42.3128C44.9522 42.38 47.3428 41.9821 49.5919 41.1408C57.8611 38.2049 63.4109 30.4104 63.4799 21.6358C63.5489 14.8088 63.5009 7.98179 63.5029 1.15479C63.5029 0.987793 63.4819 0.819794 63.4609 0.487793L42.5459 21.3618"
              fill="#F47690"
              fill-rule="evenodd"
            />
            <path
              class="fill-dark-800 dark:fill-white"
              d="M92.9327 30.3076H98.3344L104.244 13.1962L110.117 30.3076H115.482L123.023 5.40181H117.222L112.618 22.1144L107.108 5.40181H101.307L95.7967 22.1144L91.1925 5.40181H85.3921L92.9327 30.3076ZM138.507 11.5648V22.767L138.471 22.6582C138.471 24.6884 136.767 26.2835 134.556 26.2835C132.453 26.2835 131.003 24.6884 131.003 22.3682V11.5648H125.891V23.4921C125.891 27.7337 128.791 30.7427 132.852 30.7427C135.281 30.7427 137.383 29.6551 138.507 27.9512V30.3076H143.8V11.5648H138.507ZM159.181 11.1298C156.752 11.1298 154.649 12.2174 153.525 13.9213V11.5648H148.232V30.3076H153.525V19.1054L153.562 19.2142C153.562 17.184 155.265 15.5889 157.477 15.5889C159.58 15.5889 161.03 17.184 161.03 19.5042V30.3076H166.141V18.3804C166.141 14.1388 163.241 11.1298 159.181 11.1298ZM184.603 4.96677V14.2475C183.117 12.2899 180.942 11.1298 178.295 11.1298C173.293 11.1298 169.667 15.1901 169.667 20.9181C169.667 26.6823 173.293 30.7427 178.295 30.7427C180.942 30.7427 183.117 29.5826 184.603 27.6249V30.3076H189.896V4.96677H184.603ZM179.818 26.2835C176.882 26.2835 174.815 24.0721 174.815 20.9181C174.815 17.8003 176.882 15.5889 179.818 15.5889C182.61 15.5889 184.603 17.8003 184.603 20.9181C184.603 24.0721 182.61 26.2835 179.818 26.2835ZM203.388 26.066C201.177 26.066 199.545 24.6884 198.929 22.6582H212.451C212.451 15.5889 209.007 11.1298 203.134 11.1298C197.66 11.1298 193.491 15.2264 193.491 20.8818C193.491 26.6461 197.841 30.7427 203.424 30.7427C206.18 30.7427 209.406 29.5826 211.074 27.8424L207.702 24.3984C206.687 25.3772 204.875 26.066 203.388 26.066ZM203.352 15.8064C205.491 15.8064 206.868 17.0028 207.376 18.8517H199.002C199.69 16.9665 201.358 15.8064 203.352 15.8064ZM221.325 15.0451V11.5648H216.032V30.3076H221.325V21.3531C221.325 17.8366 223.827 15.5889 227.742 15.5889V11.1298C224.878 11.1298 222.558 12.6162 221.325 15.0451ZM242.179 30.7427C248.777 30.7427 253.454 26.1023 253.454 19.5405V5.40181H248.088V19.323C248.088 23.1658 245.623 25.8848 242.179 25.8848C238.699 25.8848 236.233 23.1658 236.233 19.323V5.40181H230.904V19.5405C230.904 26.1023 235.545 30.7427 242.179 30.7427ZM258.38 30.3076H263.745V5.40181H258.38V30.3076Z"
            />
          </svg>
        </a>
      </div>
      <nav
        class="px-6 border-b-2 border-gray-50 dark:border-gray-700"
      >
        <ul>
          <li>
            <a
              class="flex py-lg pl-2xl rounded-lg items-center cursor-pointer font-semibold text-ratio-100 bg-translucent-400 dark:text-blue-400"
              href="/"
            >
              <span
                class="ml-5"
              >
                Dashboard
              </span>
            </a>
          </li>
          <li>
            <a
              class="flex py-lg pl-2xl rounded-lg items-center cursor-pointer font-semibold text-ratio-200 dark:text-grayBlue-400"
              href="inbox"
            >
              <span
                class="ml-5"
              >
                Inbox
              </span>
            </a>
          </li>
          <li>
            <a
              class="flex py-lg pl-2xl rounded-lg items-center cursor-pointer font-semibold text-ratio-200 dark:text-grayBlue-400"
              href="wallet"
            >
              <span
                class="ml-5"
              >
                Wallet
              </span>
            </a>
          </li>
          <li>
            <a
              class="flex py-lg pl-2xl rounded-lg items-center cursor-pointer font-semibold text-ratio-200 dark:text-grayBlue-400"
              href="newsFeed"
            >
              <span
                class="ml-5"
              >
                NewsFeed
              </span>
            </a>
          </li>
          <li>
            <a
              class="flex py-lg pl-2xl rounded-lg items-center cursor-pointer font-semibold text-ratio-200 dark:text-grayBlue-400"
              href="analytics"
            >
              <span
                class="ml-5"
              >
                Analytics
              </span>
            </a>
          </li>
          <li>
            <a
              class="flex py-lg pl-2xl rounded-lg items-center cursor-pointer font-semibold text-ratio-200 dark:text-grayBlue-400"
              href="market"
            >
              <span
                class="ml-5"
              >
                Market
              </span>
            </a>
          </li>
          <li>
            <a
              class="flex py-lg pl-2xl rounded-lg items-center cursor-pointer font-semibold text-ratio-200 dark:text-grayBlue-400"
              href="archive"
            >
              <span
                class="ml-5"
              >
                Archive
              </span>
            </a>
          </li>
          <li>
            <a
              class="flex py-lg pl-2xl rounded-lg items-center cursor-pointer font-semibold text-ratio-200 dark:text-grayBlue-400 mt-[100px]"
              href="profile"
            >
              <span
                class="ml-5"
              >
                Profile
              </span>
            </a>
          </li>
          <li>
            <a
              class="flex py-lg pl-2xl rounded-lg items-center cursor-pointer font-semibold text-ratio-200 dark:text-grayBlue-400"
              href="settings"
            >
              <span
                class="ml-5"
              >
                Settings
              </span>
            </a>
          </li>
        </ul>
      </nav>
    </div>
    <div
      class="px-[52px] pt-6 border-t-2 border-gray-50 dark:border-gray-700"
    >
      <a
        href="add"
      >
        <button
          class="z-0 group relative justify-center box-border appearance-none select-none whitespace-nowrap subpixel-antialiased overflow-hidden tap-highlight-transparent data-[pressed=true]:scale-[0.97] outline-none data-[focus-visible=true]:z-10 data-[focus-visible=true]:outline-2 data-[focus-visible=true]:outline-focus data-[focus-visible=true]:outline-offset-2 min-w-20 rounded-medium [&>svg]:max-w-[theme(spacing.8)] transition-transform-colors-opacity motion-reduce:transition-none data-[hover=true]:opacity-hover bg-transparent border-transparent flex items-center text-lg px-0 text-ratio-200 dark:text-grayBlue-400 font-semibold h-auto gap-4"
          type="button"
        >
          <svg
            fill="none"
            height="46px"
            style="max-width: none;"
            viewBox="0 0 46 46"
            width="46px"
            xmlns="http://www.w3.org/2000/svg"
          >
            <circle
              cx="23"
              cy="23"
              fill="#12AFF0"
              r="23"
            />
            <path
              clip-rule="evenodd"
              d="M22 29.5V25H17.5C16.9641 25 16.4689 24.7141 16.201 24.25C15.933 23.7859 15.933 23.2141 16.201 22.75C16.4689 22.2859 16.9641 22 17.5 22H22V17.5C22 16.9641 22.2859 16.4689 22.75 16.2009C23.2141 15.933 23.7859 15.933 24.25 16.2009C24.7141 16.4689 25 16.9641 25 17.5V22H29.5C30.0359 22 30.5311 22.2859 30.799 22.75C31.067 23.2141 31.067 23.7859 30.799 24.25C30.5311 24.7141 30.0359 25 29.5 25H25V29.5C25 30.0359 24.7141 30.5311 24.25 30.7991C23.7859 31.067 23.2141 31.067 22.75 30.7991C22.2859 30.5311 22 30.0359 22 29.5Z"
              fill="white"
              fill-rule="evenodd"
            />
          </svg>
          Add new product
        </button>
      </a>
      <div
        class="flex items-center justify-between my-11"
      >
        <div
          class="flex items-center"
        >
          <svg
            class="mr-6"
            fill="none"
            height="26px"
            viewBox="0 0 26 27"
            width="26px"
            xmlns="http://www.w3.org/2000/svg"
          >
            <path
              clip-rule="evenodd"
              d="M25.9588 17.2772C26.0278 17.0449 26.0075 16.7953 25.9018 16.5773C25.7936 16.3561 25.6083 16.1823 25.3808 16.0883C25.1508 15.993 24.8944 15.9832 24.6578 16.0603C22.75 16.6893 20.701 16.7532 18.7578 16.2444C16.8247 15.7408 15.0818 14.6814 13.7448 13.1973C12.4243 11.7317 11.5764 9.9021 11.3118 7.94727C11.0516 5.99854 11.3891 4.01685 12.2798 2.26428C12.3888 2.04749 12.4127 1.79773 12.3468 1.56433C12.2782 1.32825 12.1252 1.12573 11.9168 0.995361C11.7058 0.862793 11.4541 0.810669 11.2078 0.848389C7.93285 1.3396 4.95859 3.03381 2.86578 5.60034C-1.42604 10.8662 -0.808876 18.5781 4.26579 23.0944C8.99734 27.3246 16.0398 27.6787 21.1718 23.9442C23.4443 22.2996 25.1239 19.964 25.9598 17.2863L25.9588 17.2772ZM13.2638 24.5262C10.6196 24.5233 8.05902 23.5997 6.02178 21.9142C4.01145 20.2528 2.66528 17.9242 2.22878 15.3531C1.80122 12.7913 2.31901 10.1615 3.68579 7.953C5.07203 5.71948 7.20216 4.04688 9.70079 3.2301C9.36108 4.33142 9.18915 5.47766 9.19079 6.63013C9.20176 9.80884 10.4947 12.8486 12.7768 15.0613C15.5724 17.7698 19.4768 19.0095 23.3228 18.4102C22.3823 20.2484 20.9484 21.7882 19.1818 22.8572C17.3968 23.939 15.351 24.5145 13.2638 24.5222V24.5262Z"
              fill="#99B2C6"
              fill-rule="evenodd"
            />
          </svg>
          <label
            class="text-lg font-semibold text-ratio-200 dark:text-grayBlue-400"
          >
            Dark mode
          </label>
        </div>
        <label
          aria-label="Automatic updates"
          class="group relative max-w-fit inline-flex items-center justify-start cursor-pointer touch-none tap-highlight-transparent select-none"
        >
          <span
            style="border: 0px; clip-path: inset(50%); height: 1px; margin: -1px; overflow: hidden; padding: 0px; position: absolute; width: 1px; white-space: nowrap;"
          >
            <input
              aria-labelledby=":r0:"
              role="switch"
              type="checkbox"
              value=""
            />
          </span>
          <span
            aria-hidden="true"
            class="px-1 relative inline-flex items-center justify-start flex-shrink-0 overflow-hidden bg-default-200 rounded-full outline-none group-data-[focus-visible=true]:z-10 group-data-[focus-visible=true]:ring-2 group-data-[focus-visible=true]:ring-focus group-data-[focus-visible=true]:ring-offset-2 group-data-[focus-visible=true]:ring-offset-background group-data-[selected=true]:bg-success group-data-[selected=true]:text-success-foreground w-12 h-7 mr-2 rtl:ml-2 rtl:mr-[unset] transition-background"
          >
            <span
              class="z-10 flex items-center justify-center bg-white shadow-small rounded-full origin-right w-5 h-5 text-small group-data-[selected=true]:ml-5 rtl:group-data-[selected=true]:ml-0 rtl:group-data-[selected=true]:mr-5 transition-all group-data-[pressed=true]:w-6 group-data-[selected]:group-data-[pressed]:ml-4"
            />
          </span>
        </label>
      </div>
    </div>
  </aside>
  <button
    aria-label="Open sidebar"
    class="fixed top-7 left-4 z-50 bg-gray-800 text-white p-3 rounded-full shadow-lg dark:bg-dark-700"
  >
    <svg
      fill="none"
      height="24px"
      viewBox="0 0 24 24"
      width="24px"
      xmlns="http://www.w3.org/2000/svg"
    >
      <g
        id="SVGRepo_bgCarrier"
        stroke-width="0"
      />
      <g
        id="SVGRepo_tracerCarrier"
        stroke-linecap="round"
        stroke-linejoin="round"
      />
      <g
        id="SVGRepo_iconCarrier"
      >
        <path
          d="M4 6H20M4 12H20M4 18H20"
          stroke="#000000"
          stroke-linecap="round"
          stroke-linejoin="round"
          stroke-width="2"
        />
      </g>
    </svg>
  </button>
</div>
`;
