// Jest Snapshot v1, https://goo.gl/fbAQLP

exports[`Menu Component render Sidebar 1`] = `
<div>
  <ul
    class="flex gap-24 items-center max-[1500px]:gap-10 max-[1200px]:hidden"
  >
    <li>
      <a
        class="text-xl text-ratio-200 dark:text-grayBlue-400 cursor-not-allowed"
        href=""
      >
        <span>
          Overview
        </span>
      </a>
    </li>
    <li>
      <a
        class="text-xl text-ratio-200 dark:text-grayBlue-400 cursor-not-allowed"
        href=""
      >
        <span>
          Projects
        </span>
      </a>
    </li>
    <li>
      <a
        class="text-xl text-ratio-200 dark:text-grayBlue-400 cursor-not-allowed"
        href=""
      >
        <span>
          Tasks
        </span>
      </a>
    </li>
    <li>
      <a
        class="text-xl text-ratio-200 dark:text-grayBlue-400 cursor-not-allowed"
        href=""
      >
        <span>
          Reports
        </span>
      </a>
    </li>
    <li>
      <a
        class="text-xl text-ratio-200 dark:text-grayBlue-400 cursor-not-allowed"
        href=""
      >
        <span>
          Statements
        </span>
      </a>
    </li>
  </ul>
</div>
`;
