// Jest Snapshot v1, https://goo.gl/fbAQLP

exports[`Menu Component render menu 1`] = `
<div>
  <nav
    class="px-6 border-b-2 border-gray-50 dark:border-gray-700"
  >
    <ul>
      <li>
        <a
          class="flex py-lg pl-2xl rounded-lg items-center cursor-pointer text-ratio-100 bg-translucent-400 dark:text-blue-400"
          href="/"
        >
          <span
            class="ml-5"
          >
            Dashboard
          </span>
        </a>
      </li>
      <li>
        <a
          class="flex py-lg pl-2xl rounded-lg items-center cursor-pointer text-ratio-200 dark:text-grayBlue-400"
          href="inbox"
        >
          <span
            class="ml-5"
          >
            Inbox
          </span>
        </a>
      </li>
      <li>
        <a
          class="flex py-lg pl-2xl rounded-lg items-center cursor-pointer text-ratio-200 dark:text-grayBlue-400"
          href="wallet"
        >
          <span
            class="ml-5"
          >
            Wallet
          </span>
        </a>
      </li>
      <li>
        <a
          class="flex py-lg pl-2xl rounded-lg items-center cursor-pointer text-ratio-200 dark:text-grayBlue-400"
          href="newsFeed"
        >
          <span
            class="ml-5"
          >
            NewsFeed
          </span>
        </a>
      </li>
      <li>
        <a
          class="flex py-lg pl-2xl rounded-lg items-center cursor-pointer text-ratio-200 dark:text-grayBlue-400"
          href="analytics"
        >
          <span
            class="ml-5"
          >
            Analytics
          </span>
        </a>
      </li>
      <li>
        <a
          class="flex py-lg pl-2xl rounded-lg items-center cursor-pointer text-ratio-200 dark:text-grayBlue-400"
          href="market"
        >
          <span
            class="ml-5"
          >
            Market
          </span>
        </a>
      </li>
      <li>
        <a
          class="flex py-lg pl-2xl rounded-lg items-center cursor-pointer text-ratio-200 dark:text-grayBlue-400"
          href="archive"
        >
          <span
            class="ml-5"
          >
            Archive
          </span>
        </a>
      </li>
      <li>
        <a
          class="flex py-lg pl-2xl rounded-lg items-center cursor-pointer text-ratio-200 dark:text-grayBlue-400 mt-[100px]"
          href="profile"
        >
          <span
            class="ml-5"
          >
            Profile
          </span>
        </a>
      </li>
      <li>
        <a
          class="flex py-lg pl-2xl rounded-lg items-center cursor-pointer text-ratio-200 dark:text-grayBlue-400"
          href="settings"
        >
          <span
            class="ml-5"
          >
            Settings
          </span>
        </a>
      </li>
    </ul>
  </nav>
</div>
`;
