// Jest Snapshot v1, https://goo.gl/fbAQLP

exports[`Button component renders with default type 1`] = `
<div>
  <button
    class="z-0 group relative inline-flex items-center justify-center box-border appearance-none select-none whitespace-nowrap subpixel-antialiased overflow-hidden tap-highlight-transparent data-[pressed=true]:scale-[0.97] outline-none data-[focus-visible=true]:z-10 data-[focus-visible=true]:outline-2 data-[focus-visible=true]:outline-focus data-[focus-visible=true]:outline-offset-2 px-4 min-w-20 h-10 text-small gap-2 [&>svg]:max-w-[theme(spacing.8)] transition-transform-colors-opacity motion-reduce:transition-none data-[hover=true]:opacity-hover bg-white border-translucent-700 dark:border-gray-700 dark:bg-dark-900 dark:text-white py-4 pl-5 pr-4 text-xsm font-semibold border rounded-lg"
    type="button"
  >
    Button
  </button>
</div>
`;
