// Jest Snapshot v1, https://goo.gl/fbAQLP

exports[`InputField component renders with default type 1`] = `
<div>
  <div>
    <label
      class="text-lg text-black-900 dark:text-white undefined"
    >
      InputField Test
    </label>
    <div
      class="group flex flex-col data-[hidden=true]:hidden w-full relative justify-end"
      data-has-value="true"
      data-slot="base"
    >
      <div
        class="flex flex-col w-xl h-14"
        data-slot="main-wrapper"
      >
        <div
          class="relative tap-highlight-transparent flex-row shadow-sm gap-3 data-[hover=true]:bg-default-200 group-data-[focus=true]:bg-default-100 min-h-10 transition-background motion-reduce:transition-none !duration-150 outline-none group-data-[focus-visible=true]:z-10 group-data-[focus-visible=true]:ring-2 group-data-[focus-visible=true]:ring-focus group-data-[focus-visible=true]:ring-offset-2 group-data-[focus-visible=true]:ring-offset-background bg-gray-50 flex items-center space-x-2 h-full placeholder:text-ratio-300 dark:bg-gray-700 dark: text-ratio-700 dark:placeholder:text-ratio-700 focus-within:ring-0 py-4 px-6 w-full rounded-lg"
          data-slot="input-wrapper"
          style="cursor: text;"
        >
          <div
            class="w-full items-center h-full box-border flex"
            data-slot="inner-wrapper"
          >
            <input
              aria-label=" "
              class="w-full bg-transparent !outline-none focus-visible:outline-none data-[has-start-content=true]:ps-1.5 data-[has-end-content=true]:pe-1.5 file:cursor-pointer file:bg-transparent file:border-0 autofill:bg-transparent bg-clip-text group-data-[has-value=true]:text-default-foreground placeholder:text-ratio-300 dark:placeholder:text-ratio-700 dark: text-ratio-700 flex-grow focus:outline-none focus:ring-0 text-base font-semibold"
              data-slot="input"
              id="react-aria-:r0:"
              type="text"
              value=""
            />
          </div>
        </div>
      </div>
    </div>
    <p
      class="text-xsm mt-4 font-normal text-red-500"
    >
      Error message
    </p>
  </div>
</div>
`;
