// Jest Snapshot v1, https://goo.gl/fbAQLP

exports[`ErrorDetailPage Component renders ErrorDetailPage correctly 1`] = `
<DocumentFragment>
  <section
    class="min-h-screen flex justify-center"
  >
    <div
      class="max-w-2xl p-5 flex flex-col items-center justify-center m-auto"
    >
      <h1
        class="text-3xl font-bold text-red-500 mb-4 text-center"
      >
        Error 500: Internal server error
      </h1>
      <p
        class="text-red-600 text-xl"
      >
        An unexpected error occurred.
      </p>
      <button
        class="mt-4 inline-block px-4 py-2 bg-ratio-400 text-white rounded-md dark:border-blue-500 text-xl"
      >
        Reset
      </button>
    </div>
  </section>
</DocumentFragment>
`;
