// Jest Snapshot v1, https://goo.gl/fbAQLP

exports[`Header Layout render header 1`] = `
<div>
  <header
    class="md:justify-between flex justify-end  w-full h-[104px] bg-white border-b-2 border-gray-50 pl-6 pr-4xl dark:bg-dark-900 dark:border-gray-700"
  >
    <div
      class="md:flex hidden items-center relative w-xl"
    >
      <div
        class="group flex flex-col data-[hidden=true]:hidden w-full relative justify-end"
        data-filled="true"
        data-filled-within="true"
        data-slot="base"
      >
        <div
          class="flex flex-col w-xl h-14"
          data-slot="main-wrapper"
        >
          <div
            class="relative tap-highlight-transparent flex-row shadow-sm gap-3 data-[hover=true]:bg-default-200 group-data-[focus=true]:bg-default-100 min-h-10 transition-background motion-reduce:transition-none !duration-150 outline-none group-data-[focus-visible=true]:z-10 group-data-[focus-visible=true]:ring-2 group-data-[focus-visible=true]:ring-focus group-data-[focus-visible=true]:ring-offset-2 group-data-[focus-visible=true]:ring-offset-background bg-gray-50 flex items-center space-x-2 h-full placeholder:text-ratio-300 dark:bg-gray-700 dark: text-ratio-700 dark:placeholder:text-ratio-700 focus-within:ring-0 py-4 px-6 w-full rounded-lg"
            data-slot="input-wrapper"
            style="cursor: text;"
          >
            <div
              class="w-full items-center h-full box-border flex"
              data-slot="inner-wrapper"
            >
              <svg
                class="mr-5 cursor-pointer"
                fill="none"
                height="21px"
                viewBox="0 0 22 22"
                width="21px"
                xmlns="http://www.w3.org/2000/svg"
              >
                <path
                  clip-rule="evenodd"
                  d="M10.25 20.9878C4.6 20.9878 0 16.3878 0 10.7378C0 5.08779 4.6 0.487793 10.25 0.487793C15.9 0.487793 20.5 5.08779 20.5 10.7378C20.5 16.3878 15.9 20.9878 10.25 20.9878ZM10.25 1.98779C5.42 1.98779 1.5 5.91779 1.5 10.7378C1.5 15.5578 5.42 19.4878 10.25 19.4878C15.08 19.4878 19 15.5578 19 10.7378C19 5.91779 15.08 1.98779 10.25 1.98779Z"
                  fill="#809FB8"
                  fill-rule="evenodd"
                />
                <path
                  d="M20.5502 21.9877C20.3602 21.9877 20.1702 21.9177 20.0202 21.7677L17.0202 18.7677C16.7302 18.4777 16.7302 17.9977 17.0202 17.7077C17.3102 17.4177 17.7902 17.4177 18.0802 17.7077L21.0802 20.7077C21.3702 20.9977 21.3702 21.4777 21.0802 21.7677C20.9302 21.9177 20.7402 21.9877 20.5502 21.9877Z"
                  fill="#809FB8"
                />
              </svg>
              <input
                aria-label="search"
                class="w-full bg-transparent !outline-none focus-visible:outline-none data-[has-start-content=true]:ps-1.5 data-[has-end-content=true]:pe-1.5 file:cursor-pointer file:bg-transparent file:border-0 autofill:bg-transparent bg-clip-text group-data-[has-value=true]:text-default-foreground placeholder:text-ratio-300 dark:placeholder:text-ratio-700 dark: text-ratio-700 flex-grow focus:outline-none focus:ring-0 text-base font-semibold"
                data-has-start-content="true"
                data-slot="input"
                id="react-aria-:r0:"
                placeholder="search"
                type="text"
                value=""
              />
            </div>
          </div>
        </div>
      </div>
    </div>
    <div
      class="flex items-center"
    >
      <svg
        class="mr-10 cursor-not-allowed"
        fill="none"
        height="26px"
        viewBox="0 0 21 27"
        width="21px"
        xmlns="http://www.w3.org/2000/svg"
      >
        <path
          clip-rule="evenodd"
          d="M7.35046 25.1675C6.85608 24.6702 6.48401 24.065 6.26343 23.3995C4.91614 23.1778 3.58887 22.8484 2.29443 22.4145C1.32617 22.1082 0.549683 21.3781 0.18457 20.4305C-0.158203 19.4783 -0.0384521 18.421 0.508301 17.5695L1.88647 15.2695C2.21289 14.6481 2.40125 13.9635 2.43848 13.2625V9.79255C2.4408 6.42719 4.51538 3.41195 7.65649 2.20722C8.23096 1.14647 9.34131 0.486679 10.5477 0.489265C11.754 0.491852 12.8616 1.1564 13.4315 2.2196C16.5554 3.4336 18.6141 6.44012 18.6166 9.79156V13.2655C18.657 13.9701 18.845 14.6583 19.1686 15.2855L20.5345 17.5685C21.0492 18.4336 21.1462 19.4848 20.7985 20.4295C20.4553 21.3697 19.7003 22.1008 18.7496 22.4135C17.46 22.8473 16.1373 23.1763 14.7947 23.3975C14.3096 24.8814 13.0876 26.0062 11.5688 26.3672C10.0499 26.7282 8.45264 26.2734 7.35168 25.1665L7.35046 25.1675ZM8.62146 23.8935C9.16333 24.439 9.91309 24.7261 10.6807 24.6822C11.4484 24.6382 12.1604 24.2673 12.6365 23.6635C11.9352 23.7201 11.2322 23.7485 10.5275 23.7485C9.82275 23.7485 9.11975 23.7201 8.41846 23.6635C8.48169 23.7436 8.54956 23.8201 8.62146 23.8925V23.8935ZM4.23547 9.79366V13.2676C4.19336 14.2931 3.9198 15.2958 3.43542 16.2006L2.05737 18.5006C1.79797 18.8856 1.73157 19.3689 1.8772 19.8096C2.05347 20.2441 2.42078 20.5727 2.87231 20.6996C7.8429 22.3822 13.2289 22.3822 18.1995 20.6996C18.6292 20.5578 18.9694 20.2257 19.1213 19.7996C19.2817 19.3707 19.2376 18.8919 19.0012 18.4996L17.6233 16.1996C17.136 15.2913 16.8623 14.2837 16.8232 13.2536V9.79266C16.8273 6.65929 14.5297 3.9984 11.4291 3.5457C10.811 3.46886 10.1855 3.47223 9.56824 3.55569C6.4978 4.03872 4.2356 6.68449 4.23547 9.79266V9.79366Z"
          fill="#809FB8"
          fill-rule="evenodd"
        />
      </svg>
      <div
        class="flex items-center border-l-2 border-gray-50 pl-10 dark:border-gray-700"
      >
        <span
          class="rounded-full w-sm h-sm bg-translucent-400 text-ratio-100 dark:text-blue-400 flex items-center justify-center text-xl"
        >
          TE
        </span>
        <div
          class="max-[850px]:hidden flex flex-col ml-6"
        >
          <span
            class="text-xl text-dark-800 dark:text-white"
          >
            Theo Edwards
          </span>
          <span
            class="text-base text-ratio-200 dark:text-grayBlue-400"
          >
            Administrator
          </span>
        </div>
        <button
          aria-label="Logout Button"
          class="z-0 group relative inline-flex items-center justify-center box-border appearance-none select-none whitespace-nowrap font-normal subpixel-antialiased overflow-hidden tap-highlight-transparent data-[pressed=true]:scale-[0.97] outline-none data-[focus-visible=true]:z-10 data-[focus-visible=true]:outline-2 data-[focus-visible=true]:outline-focus data-[focus-visible=true]:outline-offset-2 min-w-20 h-10 text-small gap-2 rounded-medium [&>svg]:max-w-[theme(spacing.8)] transition-transform-colors-opacity motion-reduce:transition-none data-[hover=true]:opacity-hover bg-none border-none p-0"
          type="button"
        >
          <svg
            class="fill-black-900 dark:fill-white undefined"
            height="28px"
            id="Layer_1"
            version="1.1"
            viewBox="0 0 512.025 512.025"
            width="28px"
            xmlns="http://www.w3.org/2000/svg"
          >
            <g
              id="SVGRepo_bgCarrier"
              stroke-width="0"
            />
            <g
              id="SVGRepo_tracerCarrier"
              stroke-linecap="round"
              stroke-linejoin="round"
            />
            <g
              id="SVGRepo_iconCarrier"
            >
              <g>
                <g>
                  <g>
                    <path
                      d="M177.646,179.831c-3.349-29.547-26.752-51.819-54.4-51.819H68.782c-27.648,0-51.051,22.272-54.4,51.819L0.238,303.735 c-1.173,10.368,2.027,20.651,8.768,28.224c5.803,6.528,13.547,10.304,21.909,10.773l11.776,159.403 c0.448,5.568,5.077,9.877,10.667,9.877h85.333c5.589,0,10.219-4.309,10.645-9.877l11.776-159.403 c8.384-0.469,16.107-4.267,21.909-10.773c6.741-7.552,9.941-17.856,8.768-28.224L177.646,179.831z"
                    />
                    <path
                      d="M96.025,106.679c29.461,0,53.333-23.872,53.333-53.333c0-29.461-23.893-53.333-53.333-53.333 c-29.461,0-53.333,23.872-53.333,53.333C42.691,82.807,66.563,106.679,96.025,106.679z"
                    />
                    <path
                      d="M354.564,20.471c4.651-1.984,7.253-6.997,6.251-11.947c-1.024-4.949-5.397-8.512-10.453-8.512H245.358 c-17.643,0-32,14.357-32,32v384c0,17.643,14.357,32,32,32h21.333c5.888,0,10.667-4.779,10.667-10.667V98.018 c0-26.987,16.043-51.307,40.853-61.952L354.564,20.471z"
                    />
                    <path
                      d="M465.966,0.012c-6.293,0-12.395,1.259-18.176,3.733L326.595,55.692c-16.939,7.253-27.904,23.872-27.904,42.325v367.936 c0,25.387,20.672,46.059,46.059,46.059c6.293,0,12.395-1.259,18.176-3.733l121.195-51.947 c16.939-7.253,27.904-23.872,27.904-42.325V46.071C512.025,20.684,491.353,0.012,465.966,0.012z M362.691,288.012 c0,5.888-4.779,10.667-10.667,10.667c-5.888,0-10.667-4.779-10.667-10.667v-42.667c0-5.888,4.779-10.667,10.667-10.667 c5.888,0,10.667,4.779,10.667,10.667V288.012z"
                    />
                  </g>
                </g>
              </g>
            </g>
          </svg>
        </button>
      </div>
    </div>
  </header>
</div>
`;
